26-02-09 16:23:10.539 [background-preinit] INFO  o.h.validator.internal.util.Version - HV000001: Hibernate Validator 8.0.3.Final
26-02-09 16:23:10.587 [main] INFO  c.s.m.discodeit.DiscodeitApplication - Starting DiscodeitApplication using Java 17.0.16 with PID 15856 (C:\myWs\codeit-sprint-mission\8-sprint-mission\build\classes\java\main started by eet5g in C:\myWs\codeit-sprint-mission\8-sprint-mission)
26-02-09 16:23:10.588 [main] DEBUG c.s.m.discodeit.DiscodeitApplication - Running with Spring Boot v3.5.8, Spring v6.2.14
26-02-09 16:23:10.588 [main] INFO  c.s.m.discodeit.DiscodeitApplication - The following 1 profile is active: "dev"
26-02-09 16:23:11.414 [main] INFO  o.s.d.r.c.RepositoryConfigurationDelegate - Bootstrapping Spring Data JPA repositories in DEFAULT mode.
26-02-09 16:23:11.476 [main] INFO  o.s.d.r.c.RepositoryConfigurationDelegate - Finished Spring Data repository scanning in 55 ms. Found 6 JPA repository interfaces.
26-02-09 16:23:11.871 [main] INFO  o.s.b.w.e.tomcat.TomcatWebServer - Tomcat initialized with port 8080 (http)
26-02-09 16:23:11.881 [main] INFO  o.a.coyote.http11.Http11NioProtocol - Initializing ProtocolHandler ["http-nio-8080"]
26-02-09 16:23:11.882 [main] INFO  o.a.catalina.core.StandardService - Starting service [Tomcat]
26-02-09 16:23:11.882 [main] INFO  o.a.catalina.core.StandardEngine - Starting Servlet engine: [Apache Tomcat/10.1.49]
26-02-09 16:23:11.928 [main] INFO  o.a.c.c.C.[Tomcat].[localhost].[/] - Initializing Spring embedded WebApplicationContext
26-02-09 16:23:11.928 [main] INFO  o.s.b.w.s.c.ServletWebServerApplicationContext - Root WebApplicationContext: initialization completed in 1306 ms
26-02-09 16:23:12.047 [main] INFO  com.zaxxer.hikari.HikariDataSource - HikariPool-1 - Starting...
26-02-09 16:23:12.615 [main] INFO  com.zaxxer.hikari.pool.HikariPool - HikariPool-1 - Added connection org.postgresql.jdbc.PgConnection@5a7a6d34
26-02-09 16:23:12.617 [main] INFO  com.zaxxer.hikari.HikariDataSource - HikariPool-1 - Start completed.
26-02-09 16:23:13.087 [main] INFO  o.h.jpa.internal.util.LogHelper - HHH000204: Processing PersistenceUnitInfo [name: default]
26-02-09 16:23:13.139 [main] INFO  org.hibernate.Version - HHH000412: Hibernate ORM core version 6.6.36.Final
26-02-09 16:23:13.165 [main] INFO  o.h.c.i.RegionFactoryInitiator - HHH000026: Second-level cache disabled
26-02-09 16:23:13.406 [main] INFO  o.s.o.j.p.SpringPersistenceUnitInfo - No LoadTimeWeaver setup: ignoring JPA class transformer
26-02-09 16:23:13.513 [main] INFO  o.hibernate.orm.connections.pooling - HHH10001005: Database info:
	Database JDBC URL [Connecting through datasource 'HikariDataSource (HikariPool-1)']
	Database driver: undefined/unknown
	Database version: 17.7
	Autocommit mode: undefined/unknown
	Isolation level: undefined/unknown
	Minimum pool size: undefined/unknown
	Maximum pool size: undefined/unknown
26-02-09 16:23:14.289 [main] INFO  o.h.e.t.j.p.i.JtaPlatformInitiator - HHH000489: No JTA platform available (set 'hibernate.transaction.jta.platform' to enable JTA platform integration)
26-02-09 16:23:14.467 [main] INFO  o.s.o.j.LocalContainerEntityManagerFactoryBean - Initialized JPA EntityManagerFactory for persistence unit 'default'
26-02-09 16:23:14.733 [main] INFO  c.s.m.d.s.LocalBinaryContentStorage - LocalBinaryContentStorage 초기화 작업 root = C:\myWs\uploadedFiles
26-02-09 16:23:14.757 [main] INFO  o.s.d.j.r.query.QueryEnhancerFactory - Hibernate is in classpath; If applicable, HQL parser will be used.
26-02-09 16:23:15.146 [main] WARN  o.s.b.a.o.j.JpaBaseConfiguration$JpaWebConfiguration - spring.jpa.open-in-view is enabled by default. Therefore, database queries may be performed during view rendering. Explicitly configure spring.jpa.open-in-view to disable this warning
26-02-09 16:23:15.161 [main] INFO  o.s.b.a.w.s.WelcomePageHandlerMapping - Adding welcome page: class path resource [static/index.html]
26-02-09 16:23:15.564 [main] INFO  o.s.b.a.e.web.EndpointLinksResolver - Exposing 4 endpoints beneath base path '/actuator'
26-02-09 16:23:15.605 [main] INFO  o.a.coyote.http11.Http11NioProtocol - Starting ProtocolHandler ["http-nio-8080"]
26-02-09 16:23:15.617 [main] INFO  o.s.b.w.e.tomcat.TomcatWebServer - Tomcat started on port 8080 (http) with context path '/'
26-02-09 16:23:15.629 [main] INFO  c.s.m.discodeit.DiscodeitApplication - Started DiscodeitApplication in 5.503 seconds (process running for 5.96)
26-02-09 16:23:15.997 [RMI TCP Connection(3)-192.168.1.8] INFO  o.a.c.c.C.[Tomcat].[localhost].[/] - Initializing Spring DispatcherServlet 'dispatcherServlet'
26-02-09 16:23:15.998 [RMI TCP Connection(3)-192.168.1.8] INFO  o.s.web.servlet.DispatcherServlet - Initializing Servlet 'dispatcherServlet'
26-02-09 16:23:15.999 [RMI TCP Connection(3)-192.168.1.8] INFO  o.s.web.servlet.DispatcherServlet - Completed initialization in 1 ms
